In changing-something-unknown.polite, line 1:

    please change score to 5
    ^^^^^^^^^^^^^^^^^^^^^^^^

I do not know a name called `score`.

A name has to be remembered before it can be used, so that a
mistyped name is caught rather than quietly becoming a second thing.

Remember it first:

    please remember score is 0
